// Jest Snapshot v1, https://goo.gl/fbAQLP

exports[`IconLogin Component renders correctly 1`] = `
<View>
  <View
    accessibilityState={
      {
        "busy": undefined,
        "checked": undefined,
        "disabled": undefined,
        "expanded": undefined,
        "selected": undefined,
      }
    }
    accessibilityValue={
      {
        "max": undefined,
        "min": undefined,
        "now": undefined,
        "text": undefined,
      }
    }
    accessible={true}
    collapsable={false}
    focusable={true}
    onClick={[Function]}
    onResponderGrant={[Function]}
    onResponderMove={[Function]}
    onResponderRelease={[Function]}
    onResponderTerminate={[Function]}
    onResponderTerminationRequest={[Function]}
    onStartShouldSetResponder={[Function]}
    style={
      {
        "opacity": 1,
      }
    }
  >
    <Image
      source={1}
      style={
        {
          "alignItems": "center",
          "backgroundColor": "gray",
          "borderRadius": 96,
        }
      }
    />
  </View>
</View>
`;
